// Jest Snapshot v1, https://goo.gl/fbAQLP

exports[`Header should match snapshot 1`] = `
<styled.header
  isOpen={false}
  isScrolled={false}
>
  <Styled(Wrapper)>
    <Link
      to="/"
    >
      <i
        className="fas fa-hamburger"
      />
    </Link>
    <nav>
      <button
        onClick={[Function]}
        type="button"
      >
        <i
          className="fas fa-times"
        />
      </button>
      <ul>
        <li>
          <Link
            to="/"
          >
            Home
          </Link>
        </li>
        <li>
          <Link
            to="/"
          >
            Search
          </Link>
        </li>
        <li>
          <Link
            to="/"
          >
            Promo
          </Link>
        </li>
        <li>
          <Link
            to="/"
          >
            About
          </Link>
        </li>
        <li>
          <Link
            to="/"
          >
            Contact
          </Link>
        </li>
      </ul>
    </nav>
    <button
      onClick={[Function]}
      type="button"
    >
      <i
        className="fas fa-bars"
      />
    </button>
  </Styled(Wrapper)>
</styled.header>
`;
