// Jest Snapshot v1, https://goo.gl/fbAQLP

exports[`Pagination should match snapshot 1`] = `
<styled.div>
  <nav>
    <ul>
      <li
        key="0"
      >
        <button
          className="active"
          onClick={[Function]}
          type="button"
        >
          1
        </button>
      </li>
      <li
        key="1"
      >
        <button
          className=""
          onClick={[Function]}
          type="button"
        >
          2
        </button>
      </li>
      <li
        key="2"
      >
        <button
          className=""
          onClick={[Function]}
          type="button"
        >
          3
        </button>
      </li>
      <li
        key="3"
      >
        <button
          className=""
          onClick={[Function]}
          type="button"
        >
          4
        </button>
      </li>
      <li
        key="4"
      >
        <button
          className=""
          onClick={[Function]}
          type="button"
        >
          5
        </button>
      </li>
    </ul>
  </nav>
</styled.div>
`;
