// Jest Snapshot v1, https://goo.gl/fbAQLP

exports[`Radio should match snapshot 1`] = `
<styled.div>
  <input
    type="radio"
  />
  <label
    className="radio-label"
  />
</styled.div>
`;
