// Jest Snapshot v1, https://goo.gl/fbAQLP

exports[`Wrapper should match snapshot 1`] = `<styled.div />`;
